{"nodes":[{"name":"directive/dashGraph","filepath":"test/fixtures/angularjsDashboard/app/directive/dashGraph.js","size":1544,"imports":[],"type":"directive","src":"src/test/fixtures/angularjsDashboard/app/directive/dashGraph.js"},{"name":"directive/bindMarkdown","filepath":"test/fixtures/angularjsDashboard/app/scripts/directives/bindMarkdownDirective.js","size":459,"imports":[],"type":"directive","src":"src/test/fixtures/angularjsDashboard/app/scripts/directives/bindMarkdownDirective.js"},{"name":"directive/burnDown","filepath":"test/fixtures/angularjsDashboard/app/scripts/directives/burnDownChart.js","size":2703,"imports":[],"type":"directive","src":"src/test/fixtures/angularjsDashboard/app/scripts/directives/burnDownChart.js"},{"name":"directive/card","filepath":"test/fixtures/angularjsDashboard/app/scripts/directives/cardDirective.js","size":171,"imports":[],"type":"directive","src":"src/test/fixtures/angularjsDashboard/app/scripts/directives/cardDirective.js"},{"name":"directive/progressBar","filepath":"test/fixtures/angularjsDashboard/app/scripts/directives/progressBarDirective.js","size":694,"imports":[],"type":"directive","src":"src/test/fixtures/angularjsDashboard/app/scripts/directives/progressBarDirective.js"},{"name":"factory/createCard","filepath":"test/fixtures/angularjsDashboard/app/scripts/factories/CardFactory.js","size":400,"imports":[],"type":"factory","src":"src/test/fixtures/angularjsDashboard/app/scripts/factories/CardFactory.js"},{"name":"internal/prettyDateFilter","filepath":"","size":1,"imports":[],"type":"internal"},{"name":"factory/createBuildCard","filepath":"test/fixtures/angularjsDashboard/app/scripts/factories/BuildCardFactory.js","size":900,"imports":["factory/createCard","internal/prettyDateFilter"],"type":"factory","src":"src/test/fixtures/angularjsDashboard/app/scripts/factories/BuildCardFactory.js"},{"name":"factory/createGithubCard","filepath":"test/fixtures/angularjsDashboard/app/scripts/factories/GithubCardFactory.js","size":685,"imports":["factory/createCard"],"type":"factory","src":"src/test/fixtures/angularjsDashboard/app/scripts/factories/GithubCardFactory.js"},{"name":"factory/createGoogle3Card","filepath":"test/fixtures/angularjsDashboard/app/scripts/factories/Google3CardFactory.js","size":696,"imports":["factory/createCard"],"type":"factory","src":"src/test/fixtures/angularjsDashboard/app/scripts/factories/Google3CardFactory.js"},{"name":"factory/createShaCountCard","filepath":"test/fixtures/angularjsDashboard/app/scripts/factories/ShaCountCardFactory.js","size":599,"imports":["factory/createCard"],"type":"factory","src":"src/test/fixtures/angularjsDashboard/app/scripts/factories/ShaCountCardFactory.js"},{"name":"factory/createUntriagedCard","filepath":"test/fixtures/angularjsDashboard/app/scripts/factories/UntriagedCardFactory.js","size":849,"imports":["factory/createCard"],"type":"factory","src":"src/test/fixtures/angularjsDashboard/app/scripts/factories/UntriagedCardFactory.js"},{"name":"filter/prettyDate","filepath":"test/fixtures/angularjsDashboard/app/scripts/filters/prettyDateFilter.js","size":686,"imports":[],"type":"filter","src":"src/test/fixtures/angularjsDashboard/app/scripts/filters/prettyDateFilter.js"},{"name":"value/githubAuth","filepath":"test/fixtures/angularjsDashboard/app/scripts/services/githubService.js","size":7217,"imports":[],"type":"value","src":"src/test/fixtures/angularjsDashboard/app/scripts/services/githubService.js"}],"advices":[{"node":{"name":"directive/dashGraph","filepath":"test/fixtures/angularjsDashboard/app/directive/dashGraph.js","size":1544,"imports":[],"type":"directive","src":"src/test/fixtures/angularjsDashboard/app/directive/dashGraph.js"},"name":"directive/dashGraph is never used !","gravityLevel":2,"gravity":"hot"},{"node":{"name":"directive/bindMarkdown","filepath":"test/fixtures/angularjsDashboard/app/scripts/directives/bindMarkdownDirective.js","size":459,"imports":[],"type":"directive","src":"src/test/fixtures/angularjsDashboard/app/scripts/directives/bindMarkdownDirective.js"},"name":"bindMarkdown have not same name as filename bindMarkdownDirective !","gravityLevel":2,"gravity":"hot"},{"node":{"name":"directive/card","filepath":"test/fixtures/angularjsDashboard/app/scripts/directives/cardDirective.js","size":171,"imports":[],"type":"directive","src":"src/test/fixtures/angularjsDashboard/app/scripts/directives/cardDirective.js"},"name":"card have not same name as filename cardDirective !","gravityLevel":2,"gravity":"hot"},{"node":{"name":"directive/progressBar","filepath":"test/fixtures/angularjsDashboard/app/scripts/directives/progressBarDirective.js","size":694,"imports":[],"type":"directive","src":"src/test/fixtures/angularjsDashboard/app/scripts/directives/progressBarDirective.js"},"name":"progressBar have not same name as filename progressBarDirective !","gravityLevel":2,"gravity":"hot"},{"node":{"name":"factory/createCard","filepath":"test/fixtures/angularjsDashboard/app/scripts/factories/CardFactory.js","size":400,"imports":[],"type":"factory","src":"src/test/fixtures/angularjsDashboard/app/scripts/factories/CardFactory.js"},"name":"createCard have not same name as filename CardFactory !","gravityLevel":2,"gravity":"hot"},{"node":{"name":"factory/createBuildCard","filepath":"test/fixtures/angularjsDashboard/app/scripts/factories/BuildCardFactory.js","size":900,"imports":["factory/createCard","internal/prettyDateFilter"],"type":"factory","src":"src/test/fixtures/angularjsDashboard/app/scripts/factories/BuildCardFactory.js"},"name":"createBuildCard have not same name as filename BuildCardFactory !","gravityLevel":2,"gravity":"hot"},{"node":{"name":"factory/createGithubCard","filepath":"test/fixtures/angularjsDashboard/app/scripts/factories/GithubCardFactory.js","size":685,"imports":["factory/createCard"],"type":"factory","src":"src/test/fixtures/angularjsDashboard/app/scripts/factories/GithubCardFactory.js"},"name":"createGithubCard have not same name as filename GithubCardFactory !","gravityLevel":2,"gravity":"hot"},{"node":{"name":"factory/createGoogle3Card","filepath":"test/fixtures/angularjsDashboard/app/scripts/factories/Google3CardFactory.js","size":696,"imports":["factory/createCard"],"type":"factory","src":"src/test/fixtures/angularjsDashboard/app/scripts/factories/Google3CardFactory.js"},"name":"createGoogle3Card have not same name as filename Google3CardFactory !","gravityLevel":2,"gravity":"hot"},{"node":{"name":"factory/createShaCountCard","filepath":"test/fixtures/angularjsDashboard/app/scripts/factories/ShaCountCardFactory.js","size":599,"imports":["factory/createCard"],"type":"factory","src":"src/test/fixtures/angularjsDashboard/app/scripts/factories/ShaCountCardFactory.js"},"name":"createShaCountCard have not same name as filename ShaCountCardFactory !","gravityLevel":2,"gravity":"hot"},{"node":{"name":"factory/createUntriagedCard","filepath":"test/fixtures/angularjsDashboard/app/scripts/factories/UntriagedCardFactory.js","size":849,"imports":["factory/createCard"],"type":"factory","src":"src/test/fixtures/angularjsDashboard/app/scripts/factories/UntriagedCardFactory.js"},"name":"createUntriagedCard have not same name as filename UntriagedCardFactory !","gravityLevel":2,"gravity":"hot"},{"node":{"name":"filter/prettyDate","filepath":"test/fixtures/angularjsDashboard/app/scripts/filters/prettyDateFilter.js","size":686,"imports":[],"type":"filter","src":"src/test/fixtures/angularjsDashboard/app/scripts/filters/prettyDateFilter.js"},"name":"prettyDate have not same name as filename prettyDateFilter !","gravityLevel":2,"gravity":"hot"},{"node":{"name":"value/githubAuth","filepath":"test/fixtures/angularjsDashboard/app/scripts/services/githubService.js","size":7217,"imports":[],"type":"value","src":"src/test/fixtures/angularjsDashboard/app/scripts/services/githubService.js"},"name":"githubAuth have not same name as filename githubService !","gravityLevel":2,"gravity":"hot"},{"node":{"name":"directive/burnDown","filepath":"test/fixtures/angularjsDashboard/app/scripts/directives/burnDownChart.js","size":2703,"imports":[],"type":"directive","src":"src/test/fixtures/angularjsDashboard/app/scripts/directives/burnDownChart.js"},"name":"burnDown have not same name as filename burnDownChart !","gravityLevel":2,"gravity":"hot"},{"node":{"name":"directive/bindMarkdown","filepath":"test/fixtures/angularjsDashboard/app/scripts/directives/bindMarkdownDirective.js","size":459,"imports":[],"type":"directive","src":"src/test/fixtures/angularjsDashboard/app/scripts/directives/bindMarkdownDirective.js"},"name":"directive/bindMarkdown is never used !","gravityLevel":2,"gravity":"hot"},{"node":{"name":"directive/burnDown","filepath":"test/fixtures/angularjsDashboard/app/scripts/directives/burnDownChart.js","size":2703,"imports":[],"type":"directive","src":"src/test/fixtures/angularjsDashboard/app/scripts/directives/burnDownChart.js"},"name":"directive/burnDown is never used !","gravityLevel":2,"gravity":"hot"},{"node":{"name":"directive/card","filepath":"test/fixtures/angularjsDashboard/app/scripts/directives/cardDirective.js","size":171,"imports":[],"type":"directive","src":"src/test/fixtures/angularjsDashboard/app/scripts/directives/cardDirective.js"},"name":"directive/card is never used !","gravityLevel":2,"gravity":"hot"},{"node":{"name":"directive/progressBar","filepath":"test/fixtures/angularjsDashboard/app/scripts/directives/progressBarDirective.js","size":694,"imports":[],"type":"directive","src":"src/test/fixtures/angularjsDashboard/app/scripts/directives/progressBarDirective.js"},"name":"directive/progressBar is never used !","gravityLevel":2,"gravity":"hot"},{"node":{"name":"filter/prettyDate","filepath":"test/fixtures/angularjsDashboard/app/scripts/filters/prettyDateFilter.js","size":686,"imports":[],"type":"filter","src":"src/test/fixtures/angularjsDashboard/app/scripts/filters/prettyDateFilter.js"},"name":"filter/prettyDate is never used !","gravityLevel":2,"gravity":"hot"},{"node":{"name":"value/githubAuth","filepath":"test/fixtures/angularjsDashboard/app/scripts/services/githubService.js","size":7217,"imports":[],"type":"value","src":"src/test/fixtures/angularjsDashboard/app/scripts/services/githubService.js"},"name":"value/githubAuth is never used !","gravityLevel":2,"gravity":"hot"},{"node":{"name":"factory/createCard","filepath":"test/fixtures/angularjsDashboard/app/scripts/factories/CardFactory.js","size":400,"imports":[],"type":"factory","src":"src/test/fixtures/angularjsDashboard/app/scripts/factories/CardFactory.js"},"name":"factory/createCard must end by Srv.","gravityLevel":2,"gravity":"hot"},{"node":{"name":"factory/createBuildCard","filepath":"test/fixtures/angularjsDashboard/app/scripts/factories/BuildCardFactory.js","size":900,"imports":["factory/createCard","internal/prettyDateFilter"],"type":"factory","src":"src/test/fixtures/angularjsDashboard/app/scripts/factories/BuildCardFactory.js"},"name":"factory/createBuildCard must end by Srv.","gravityLevel":2,"gravity":"hot"},{"node":{"name":"factory/createGithubCard","filepath":"test/fixtures/angularjsDashboard/app/scripts/factories/GithubCardFactory.js","size":685,"imports":["factory/createCard"],"type":"factory","src":"src/test/fixtures/angularjsDashboard/app/scripts/factories/GithubCardFactory.js"},"name":"factory/createGithubCard must end by Srv.","gravityLevel":2,"gravity":"hot"},{"node":{"name":"factory/createGoogle3Card","filepath":"test/fixtures/angularjsDashboard/app/scripts/factories/Google3CardFactory.js","size":696,"imports":["factory/createCard"],"type":"factory","src":"src/test/fixtures/angularjsDashboard/app/scripts/factories/Google3CardFactory.js"},"name":"factory/createGoogle3Card must end by Srv.","gravityLevel":2,"gravity":"hot"},{"node":{"name":"factory/createShaCountCard","filepath":"test/fixtures/angularjsDashboard/app/scripts/factories/ShaCountCardFactory.js","size":599,"imports":["factory/createCard"],"type":"factory","src":"src/test/fixtures/angularjsDashboard/app/scripts/factories/ShaCountCardFactory.js"},"name":"factory/createShaCountCard must end by Srv.","gravityLevel":2,"gravity":"hot"},{"node":{"name":"factory/createUntriagedCard","filepath":"test/fixtures/angularjsDashboard/app/scripts/factories/UntriagedCardFactory.js","size":849,"imports":["factory/createCard"],"type":"factory","src":"src/test/fixtures/angularjsDashboard/app/scripts/factories/UntriagedCardFactory.js"},"name":"factory/createUntriagedCard must end by Srv.","gravityLevel":2,"gravity":"hot"}]}