[{"name":"$scope","size":1,"imports":[]},{"name":"$http","size":1,"imports":[]},{"name":"$routeParams","size":1,"imports":[]},{"name":"LoggedController","size":1,"imports":["$scope","$http","$routeParams"]},{"name":"CalendarService","size":2,"imports":["CalendarMonthService","CalendarWeekService"]},{"name":"calendar","size":1,"imports":["CalendarService"]},{"name":"CalendarMonthService","size":1,"imports":[]},{"name":"CalendarWeekService","size":2,"imports":[]},{"name":"MonthService","size":2,"imports":[]},{"name":"WeekService","size":2,"imports":[]},{"name":"datePicker","size":1,"imports":["MonthService","WeekService"]},{"name":"DragAndDropService","size":1,"imports":[]},{"name":"drag","size":1,"imports":["DragAndDropService"]},{"name":"drop","size":1,"imports":["DragAndDropService"]},{"name":"$q","size":1,"imports":[]},{"name":"$timeout","size":1,"imports":[]},{"name":"ServerRelationService","size":2,"imports":["$http","$q"]},{"name":"DataCacheService","size":1,"imports":["$q","$timeout","ServerRelationService"]},{"name":"$location","size":1,"imports":[]},{"name":"HeaderController","size":1,"imports":["$scope","$location","$routeParams"]},{"name":"ProjectService","size":2,"imports":["ServerRelationService","DataCacheService"]},{"name":"ProjectController","size":1,"imports":["$scope","$timeout","ProjectService"]},{"name":"ReportController","size":1,"imports":["$scope","DataCacheService","$http"]},{"name":"TaskService","size":2,"imports":["ServerRelationService","DataCacheService","ProjectService"]},{"name":"TaskController","size":1,"imports":["$scope","$timeout","TaskService"]},{"name":"UserService","size":2,"imports":["ServerRelationService","DataCacheService"]},{"name":"UserController","size":1,"imports":["$scope","$timeout","UserService"]},{"name":"LoginController","size":1,"imports":["$scope","$http","$location"]}]