{"nodes":[{"name":"org/springframework/beans/factory/annotation/Autowired","filepath":"","size":1,"imports":[],"type":""},{"name":"org/springframework/context/annotation/Configuration","filepath":"","size":1,"imports":[],"type":""},{"name":"org/springframework/web/servlet/config/annotation/EnableWebMvc","filepath":"","size":1,"imports":[],"type":""},{"name":"org/springframework/web/servlet/config/annotation/InterceptorRegistry","filepath":"","size":1,"imports":[],"type":""},{"name":"org/springframework/web/servlet/config/annotation/ResourceHandlerRegistry","filepath":"","size":1,"imports":[],"type":""},{"name":"org/springframework/web/servlet/config/annotation/WebMvcConfigurerAdapter","filepath":"","size":1,"imports":[],"type":""},{"name":"com/itkweb/hday/interceptors/CharacterEncodingInterceptor","filepath":"test/fixtures/plotsManager/src/main/java/com/itkweb/hday/interceptors/CharacterEncodingInterceptor.java","size":1255,"imports":["javax/servlet/http/HttpServletRequest","javax/servlet/http/HttpServletResponse","org/springframework/beans/factory/annotation/Value","org/springframework/stereotype/Service","org/springframework/web/servlet/HandlerInterceptor","org/springframework/web/servlet/ModelAndView"],"type":"service","src":"src/test/fixtures/plotsManager/src/main/java/com/itkweb/hday/interceptors/CharacterEncodingInterceptor.java"},{"name":"com/itkweb/hday/config/SpringMVCConfiguration","filepath":"test/fixtures/plotsManager/src/main/java/com/itkweb/hday/config/SpringMVCConfiguration.java","size":1687,"imports":["org/springframework/beans/factory/annotation/Autowired","org/springframework/context/annotation/Configuration","org/springframework/web/servlet/config/annotation/EnableWebMvc","org/springframework/web/servlet/config/annotation/InterceptorRegistry","org/springframework/web/servlet/config/annotation/ResourceHandlerRegistry","org/springframework/web/servlet/config/annotation/WebMvcConfigurerAdapter","com/itkweb/hday/interceptors/CharacterEncodingInterceptor"],"type":"configuration","src":"src/test/fixtures/plotsManager/src/main/java/com/itkweb/hday/config/SpringMVCConfiguration.java"},{"name":"org/springframework/context/MessageSource","filepath":"","size":1,"imports":[],"type":""},{"name":"org/springframework/context/annotation/Bean","filepath":"","size":1,"imports":[],"type":""},{"name":"org/springframework/context/annotation/ComponentScan","filepath":"","size":1,"imports":[],"type":""},{"name":"org/springframework/context/annotation/PropertySource","filepath":"","size":1,"imports":[],"type":""},{"name":"org/springframework/context/annotation/PropertySources","filepath":"","size":1,"imports":[],"type":""},{"name":"org/springframework/context/support/PropertySourcesPlaceholderConfigurer","filepath":"","size":1,"imports":[],"type":""},{"name":"org/springframework/context/support/ReloadableResourceBundleMessageSource","filepath":"","size":1,"imports":[],"type":""},{"name":"org/springframework/http/converter/json/Jackson2ObjectMapperFactoryBean","filepath":"","size":1,"imports":[],"type":""},{"name":"com/fasterxml/jackson/databind/ObjectMapper","filepath":"","size":1,"imports":[],"type":""},{"name":"com/itkweb/hday/config/SpringMainConfiguration","filepath":"test/fixtures/plotsManager/src/main/java/com/itkweb/hday/config/SpringMainConfiguration.java","size":2322,"imports":["org/springframework/context/MessageSource","org/springframework/context/annotation/Bean","org/springframework/context/annotation/ComponentScan","org/springframework/context/annotation/Configuration","org/springframework/context/annotation/PropertySource","org/springframework/context/annotation/PropertySources","org/springframework/context/support/PropertySourcesPlaceholderConfigurer","org/springframework/context/support/ReloadableResourceBundleMessageSource","org/springframework/http/converter/json/Jackson2ObjectMapperFactoryBean","com/fasterxml/jackson/databind/ObjectMapper"],"type":"configuration","src":"src/test/fixtures/plotsManager/src/main/java/com/itkweb/hday/config/SpringMainConfiguration.java"},{"name":"java/util/List","filepath":"","size":1,"imports":[],"type":""},{"name":"java/util/Properties","filepath":"","size":1,"imports":[],"type":""},{"name":"javax/persistence/EntityManagerFactory","filepath":"","size":1,"imports":[],"type":""},{"name":"javax/sql/DataSource","filepath":"","size":1,"imports":[],"type":""},{"name":"javax/transaction/TransactionManager","filepath":"","size":1,"imports":[],"type":""},{"name":"org/apache/commons/dbcp/BasicDataSource","filepath":"","size":1,"imports":[],"type":""},{"name":"org/springframework/beans/factory/annotation/Value","filepath":"","size":1,"imports":[],"type":""},{"name":"org/springframework/orm/jpa/JpaTransactionManager","filepath":"","size":1,"imports":[],"type":""},{"name":"org/springframework/orm/jpa/LocalContainerEntityManagerFactoryBean","filepath":"","size":1,"imports":[],"type":""},{"name":"org/springframework/orm/jpa/vendor/HibernateJpaVendorAdapter","filepath":"","size":1,"imports":[],"type":""},{"name":"org/springframework/transaction/PlatformTransactionManager","filepath":"","size":1,"imports":[],"type":""},{"name":"org/springframework/transaction/annotation/EnableTransactionManagement","filepath":"","size":1,"imports":[],"type":""},{"name":"com/itkweb/hday/config/SpringSQLDatabaseConfiguration","filepath":"test/fixtures/plotsManager/src/main/java/com/itkweb/hday/config/SpringSQLDatabaseConfiguration.java","size":2742,"imports":["java/util/List","java/util/Properties","javax/persistence/EntityManagerFactory","javax/sql/DataSource","javax/transaction/TransactionManager","org/apache/commons/dbcp/BasicDataSource","org/springframework/beans/factory/annotation/Value","org/springframework/context/annotation/Bean","org/springframework/context/annotation/Configuration","org/springframework/orm/jpa/JpaTransactionManager","org/springframework/orm/jpa/LocalContainerEntityManagerFactoryBean","org/springframework/orm/jpa/vendor/HibernateJpaVendorAdapter","org/springframework/transaction/PlatformTransactionManager","org/springframework/transaction/annotation/EnableTransactionManagement"],"type":"configuration","src":"src/test/fixtures/plotsManager/src/main/java/com/itkweb/hday/config/SpringSQLDatabaseConfiguration.java"},{"name":"javax/servlet/ServletContext","filepath":"","size":1,"imports":[],"type":""},{"name":"javax/servlet/ServletException","filepath":"","size":1,"imports":[],"type":""},{"name":"javax/servlet/ServletRegistration","filepath":"","size":1,"imports":[],"type":""},{"name":"org/springframework/web/WebApplicationInitializer","filepath":"","size":1,"imports":[],"type":""},{"name":"org/springframework/web/context/ContextLoaderListener","filepath":"","size":1,"imports":[],"type":""},{"name":"org/springframework/web/context/support/AnnotationConfigWebApplicationContext","filepath":"","size":1,"imports":[],"type":""},{"name":"org/springframework/web/servlet/DispatcherServlet","filepath":"","size":1,"imports":[],"type":""},{"name":"com/itkweb/hday/config/WebAppInitializer","filepath":"test/fixtures/plotsManager/src/main/java/com/itkweb/hday/config/WebAppInitializer.java","size":1633,"imports":["javax/servlet/ServletContext","javax/servlet/ServletException","javax/servlet/ServletRegistration","org/springframework/web/WebApplicationInitializer","org/springframework/web/context/ContextLoaderListener","org/springframework/web/context/support/AnnotationConfigWebApplicationContext","org/springframework/web/servlet/DispatcherServlet"],"type":"java","src":"src/test/fixtures/plotsManager/src/main/java/com/itkweb/hday/config/WebAppInitializer.java"},{"name":"javax/validation/Valid","filepath":"","size":1,"imports":[],"type":""},{"name":"org/slf4j/Logger","filepath":"","size":1,"imports":[],"type":""},{"name":"org/slf4j/LoggerFactory","filepath":"","size":1,"imports":[],"type":""},{"name":"org/springframework/http/HttpStatus","filepath":"","size":1,"imports":[],"type":""},{"name":"org/springframework/http/ResponseEntity","filepath":"","size":1,"imports":[],"type":""},{"name":"org/springframework/validation/BindingResult","filepath":"","size":1,"imports":[],"type":""},{"name":"org/springframework/web/bind/annotation/RequestBody","filepath":"","size":1,"imports":[],"type":""},{"name":"org/springframework/web/bind/annotation/RequestMapping","filepath":"","size":1,"imports":[],"type":""},{"name":"org/springframework/web/bind/annotation/RequestMethod","filepath":"","size":1,"imports":[],"type":""},{"name":"org/springframework/web/bind/annotation/RestController","filepath":"","size":1,"imports":[],"type":""},{"name":"com/itkweb/hday/model/database/Farm","filepath":"test/fixtures/plotsManager/src/main/java/com/itkweb/hday/model/database/Farm.java","size":1551,"imports":["java/util/Set","javax/persistence/CascadeType","javax/persistence/Column","javax/persistence/Entity","javax/persistence/FetchType","javax/persistence/GeneratedValue","javax/persistence/Id","javax/persistence/JoinColumn","javax/persistence/ManyToOne","javax/persistence/OneToMany","javax/persistence/Table","org/hibernate/validator/constraints/NotEmpty","com/fasterxml/jackson/annotation/JsonIgnore","com/fasterxml/jackson/annotation/JsonInclude","com/fasterxml/jackson/annotation/JsonInclude/Include","com/fasterxml/jackson/annotation/JsonProperty"],"type":"java","src":"src/test/fixtures/plotsManager/src/main/java/com/itkweb/hday/model/database/Farm.java"},{"name":"com/itkweb/hday/model/database/User","filepath":"test/fixtures/plotsManager/src/main/java/com/itkweb/hday/model/database/User.java","size":1474,"imports":["java/util/Set","javax/persistence/CascadeType","javax/persistence/Column","javax/persistence/Entity","javax/persistence/FetchType","javax/persistence/GeneratedValue","javax/persistence/Id","javax/persistence/OneToMany","javax/persistence/Table","org/hibernate/validator/constraints/NotEmpty","com/fasterxml/jackson/annotation/JsonInclude","com/fasterxml/jackson/annotation/JsonInclude/Include","com/fasterxml/jackson/annotation/JsonProperty"],"type":"java","src":"src/test/fixtures/plotsManager/src/main/java/com/itkweb/hday/model/database/User.java"},{"name":"com/itkweb/hday/model/json/ErrorMessage","filepath":"test/fixtures/plotsManager/src/main/java/com/itkweb/hday/model/json/ErrorMessage.java","size":349,"imports":[],"type":"java","src":"src/test/fixtures/plotsManager/src/main/java/com/itkweb/hday/model/json/ErrorMessage.java"},{"name":"com/itkweb/hday/service/UserService","filepath":"","size":1,"imports":[],"type":""},{"name":"com/itkweb/hday/controller/AddModifyPlotController","filepath":"test/fixtures/plotsManager/src/main/java/com/itkweb/hday/controller/AddModifyPlotController.java","size":4201,"imports":["javax/validation/Valid","org/slf4j/Logger","org/slf4j/LoggerFactory","org/springframework/beans/factory/annotation/Autowired","org/springframework/context/MessageSource","org/springframework/http/HttpStatus","org/springframework/http/ResponseEntity","org/springframework/validation/BindingResult","org/springframework/web/bind/annotation/RequestBody","org/springframework/web/bind/annotation/RequestMapping","org/springframework/web/bind/annotation/RequestMethod","org/springframework/web/bind/annotation/RestController","com/itkweb/hday/model/database/Farm","com/itkweb/hday/model/database/User","com/itkweb/hday/model/json/ErrorMessage","com/itkweb/hday/service/UserService"],"type":"restcontroller","src":"src/test/fixtures/plotsManager/src/main/java/com/itkweb/hday/controller/AddModifyPlotController.java"},{"name":"org/springframework/web/bind/annotation/PathVariable","filepath":"","size":1,"imports":[],"type":""},{"name":"com/itkweb/hday/model/json/LoginData","filepath":"test/fixtures/plotsManager/src/main/java/com/itkweb/hday/model/json/LoginData.java","size":623,"imports":["org/hibernate/validator/constraints/NotEmpty"],"type":"java","src":"src/test/fixtures/plotsManager/src/main/java/com/itkweb/hday/model/json/LoginData.java"},{"name":"com/itkweb/hday/controller/DeleteController","filepath":"test/fixtures/plotsManager/src/main/java/com/itkweb/hday/controller/DeleteController.java","size":2849,"imports":["javax/validation/Valid","org/slf4j/Logger","org/slf4j/LoggerFactory","org/springframework/beans/factory/annotation/Autowired","org/springframework/context/MessageSource","org/springframework/http/HttpStatus","org/springframework/http/ResponseEntity","org/springframework/validation/BindingResult","org/springframework/web/bind/annotation/PathVariable","org/springframework/web/bind/annotation/RequestBody","org/springframework/web/bind/annotation/RequestMapping","org/springframework/web/bind/annotation/RequestMethod","org/springframework/web/bind/annotation/RestController","com/itkweb/hday/model/json/ErrorMessage","com/itkweb/hday/model/json/LoginData","com/itkweb/hday/service/UserService"],"type":"restcontroller","src":"src/test/fixtures/plotsManager/src/main/java/com/itkweb/hday/controller/DeleteController.java"},{"name":"com/itkweb/hday/controller/LoginController","filepath":"test/fixtures/plotsManager/src/main/java/com/itkweb/hday/controller/LoginController.java","size":2770,"imports":["javax/validation/Valid","org/slf4j/Logger","org/slf4j/LoggerFactory","org/springframework/beans/factory/annotation/Autowired","org/springframework/context/MessageSource","org/springframework/http/HttpStatus","org/springframework/http/ResponseEntity","org/springframework/validation/BindingResult","org/springframework/web/bind/annotation/RequestBody","org/springframework/web/bind/annotation/RequestMapping","org/springframework/web/bind/annotation/RequestMethod","org/springframework/web/bind/annotation/RestController","com/itkweb/hday/model/database/User","com/itkweb/hday/model/json/ErrorMessage","com/itkweb/hday/model/json/LoginData","com/itkweb/hday/service/UserService"],"type":"restcontroller","src":"src/test/fixtures/plotsManager/src/main/java/com/itkweb/hday/controller/LoginController.java"},{"name":"javax/persistence/EntityManager","filepath":"","size":1,"imports":[],"type":""},{"name":"javax/persistence/PersistenceContext","filepath":"","size":1,"imports":[],"type":""},{"name":"com/itkweb/hday/dao","filepath":"test/fixtures/plotsManager/src/main/java/com/itkweb/hday/dao/UserDAO.java","size":251,"imports":["com/itkweb/hday/model/database/User"],"type":"java","src":"src/test/fixtures/plotsManager/src/main/java/com/itkweb/hday/dao/UserDAO.java"},{"name":"com/itkweb/hday/model/database/example/manyToMany/Book","filepath":"test/fixtures/plotsManager/src/main/java/com/itkweb/hday/model/database/example/manyToMany/Book.java","size":1295,"imports":["java/util/Set","javax/persistence/CascadeType","javax/persistence/Column","javax/persistence/Entity","javax/persistence/GeneratedValue","javax/persistence/Id","javax/persistence/ManyToMany","javax/persistence/Table"],"type":"java","src":"src/test/fixtures/plotsManager/src/main/java/com/itkweb/hday/model/database/example/manyToMany/Book.java"},{"name":"com/itkweb/hday/model/database/example/oneToMany/Mother","filepath":"test/fixtures/plotsManager/src/main/java/com/itkweb/hday/model/database/example/oneToMany/Mother.java","size":1078,"imports":["java/util/Set","javax/persistence/CascadeType","javax/persistence/Column","javax/persistence/Entity","javax/persistence/GeneratedValue","javax/persistence/Id","javax/persistence/OneToMany","javax/persistence/Table"],"type":"java","src":"src/test/fixtures/plotsManager/src/main/java/com/itkweb/hday/model/database/example/oneToMany/Mother.java"},{"name":"com/itkweb/hday/model/database/example/oneToOne/Person","filepath":"test/fixtures/plotsManager/src/main/java/com/itkweb/hday/model/database/example/oneToOne/Person.java","size":1147,"imports":["javax/persistence/CascadeType","javax/persistence/Column","javax/persistence/Entity","javax/persistence/FetchType","javax/persistence/GeneratedValue","javax/persistence/Id","javax/persistence/OneToOne","javax/persistence/Table"],"type":"java","src":"src/test/fixtures/plotsManager/src/main/java/com/itkweb/hday/model/database/example/oneToOne/Person.java"},{"name":"com/itkweb/hday/dao/example","filepath":"test/fixtures/plotsManager/src/main/java/com/itkweb/hday/dao/example/ExampleDAO.java","size":537,"imports":["java/util/List","com/itkweb/hday/model/database/example/manyToMany/Book","com/itkweb/hday/model/database/example/oneToMany/Mother","com/itkweb/hday/model/database/example/oneToOne/Person"],"type":"java","src":"src/test/fixtures/plotsManager/src/main/java/com/itkweb/hday/dao/example/ExampleDAO.java"},{"name":"javax/persistence/NoResultException","filepath":"","size":1,"imports":[],"type":""},{"name":"javax/persistence/TypedQuery","filepath":"","size":1,"imports":[],"type":""},{"name":"org/junit/Assert","filepath":"","size":1,"imports":[],"type":""},{"name":"org/springframework/stereotype/Repository","filepath":"","size":1,"imports":[],"type":""},{"name":"com/itkweb/hday/dao/AbstractBaseDAO","filepath":"","size":1,"imports":[],"type":""},{"name":"com/itkweb/hday/dao/example/ExampleDAO","filepath":"","size":1,"imports":[],"type":""},{"name":"com/itkweb/hday/dao/example/impl/ExampleDAOImpl","filepath":"test/fixtures/plotsManager/src/main/java/com/itkweb/hday/dao/example/impl/ExampleDAOImpl.java","size":2040,"imports":["java/util/List","javax/persistence/NoResultException","javax/persistence/TypedQuery","org/junit/Assert","org/springframework/stereotype/Repository","com/itkweb/hday/dao/AbstractBaseDAO","com/itkweb/hday/dao/example/ExampleDAO","com/itkweb/hday/model/database/example/manyToMany/Book","com/itkweb/hday/model/database/example/oneToMany/Mother","com/itkweb/hday/model/database/example/oneToOne/Person"],"type":"java","src":"src/test/fixtures/plotsManager/src/main/java/com/itkweb/hday/dao/example/impl/ExampleDAOImpl.java"},{"name":"org/springframework/transaction/annotation/Transactional","filepath":"","size":1,"imports":[],"type":""},{"name":"org/springframework/util/Assert","filepath":"","size":1,"imports":[],"type":""},{"name":"com/itkweb/hday/dao/PlotDAO","filepath":"","size":1,"imports":[],"type":""},{"name":"com/itkweb/hday/model/database/Plot","filepath":"test/fixtures/plotsManager/src/main/java/com/itkweb/hday/model/database/Plot.java","size":1855,"imports":["javax/persistence/Column","javax/persistence/Entity","javax/persistence/GeneratedValue","javax/persistence/Id","javax/persistence/JoinColumn","javax/persistence/ManyToOne","javax/persistence/Table","javax/validation/constraints/Min","javax/validation/constraints/NotNull","org/hibernate/validator/constraints/NotEmpty","com/fasterxml/jackson/annotation/JsonIgnore","com/fasterxml/jackson/annotation/JsonInclude","com/fasterxml/jackson/annotation/JsonInclude/Include","com/fasterxml/jackson/annotation/JsonProperty"],"type":"java","src":"src/test/fixtures/plotsManager/src/main/java/com/itkweb/hday/model/database/Plot.java"},{"name":"com/itkweb/hday/dao/impl/PlotDAOImpl","filepath":"test/fixtures/plotsManager/src/main/java/com/itkweb/hday/dao/impl/PlotDAOImpl.java","size":583,"imports":["org/springframework/stereotype/Repository","org/springframework/transaction/annotation/Transactional","org/springframework/util/Assert","com/itkweb/hday/dao/AbstractBaseDAO","com/itkweb/hday/dao/PlotDAO","com/itkweb/hday/model/database/Plot"],"type":"java","src":"src/test/fixtures/plotsManager/src/main/java/com/itkweb/hday/dao/impl/PlotDAOImpl.java"},{"name":"com/itkweb/hday/dao/UserDAO","filepath":"","size":1,"imports":[],"type":""},{"name":"com/itkweb/hday/dao/impl/UserDAOImpl","filepath":"test/fixtures/plotsManager/src/main/java/com/itkweb/hday/dao/impl/UserDAOImpl.java","size":1537,"imports":["javax/persistence/NoResultException","javax/persistence/TypedQuery","org/springframework/stereotype/Repository","org/springframework/transaction/annotation/Transactional","org/springframework/util/Assert","com/itkweb/hday/dao/AbstractBaseDAO","com/itkweb/hday/dao/UserDAO","com/itkweb/hday/model/database/User"],"type":"java","src":"src/test/fixtures/plotsManager/src/main/java/com/itkweb/hday/dao/impl/UserDAOImpl.java"},{"name":"javax/servlet/http/HttpServletRequest","filepath":"","size":1,"imports":[],"type":""},{"name":"javax/servlet/http/HttpServletResponse","filepath":"","size":1,"imports":[],"type":""},{"name":"org/springframework/stereotype/Service","filepath":"","size":1,"imports":[],"type":""},{"name":"org/springframework/web/servlet/HandlerInterceptor","filepath":"","size":1,"imports":[],"type":""},{"name":"org/springframework/web/servlet/ModelAndView","filepath":"","size":1,"imports":[],"type":""},{"name":"java/util/Set","filepath":"","size":1,"imports":[],"type":""},{"name":"javax/persistence/CascadeType","filepath":"","size":1,"imports":[],"type":""},{"name":"javax/persistence/Column","filepath":"","size":1,"imports":[],"type":""},{"name":"javax/persistence/Entity","filepath":"","size":1,"imports":[],"type":""},{"name":"javax/persistence/FetchType","filepath":"","size":1,"imports":[],"type":""},{"name":"javax/persistence/GeneratedValue","filepath":"","size":1,"imports":[],"type":""},{"name":"javax/persistence/Id","filepath":"","size":1,"imports":[],"type":""},{"name":"javax/persistence/JoinColumn","filepath":"","size":1,"imports":[],"type":""},{"name":"javax/persistence/ManyToOne","filepath":"","size":1,"imports":[],"type":""},{"name":"javax/persistence/OneToMany","filepath":"","size":1,"imports":[],"type":""},{"name":"javax/persistence/Table","filepath":"","size":1,"imports":[],"type":""},{"name":"org/hibernate/validator/constraints/NotEmpty","filepath":"","size":1,"imports":[],"type":""},{"name":"com/fasterxml/jackson/annotation/JsonIgnore","filepath":"","size":1,"imports":[],"type":""},{"name":"com/fasterxml/jackson/annotation/JsonInclude","filepath":"","size":1,"imports":[],"type":""},{"name":"com/fasterxml/jackson/annotation/JsonInclude/Include","filepath":"","size":1,"imports":[],"type":""},{"name":"com/fasterxml/jackson/annotation/JsonProperty","filepath":"","size":1,"imports":[],"type":""},{"name":"javax/validation/constraints/Min","filepath":"","size":1,"imports":[],"type":""},{"name":"javax/validation/constraints/NotNull","filepath":"","size":1,"imports":[],"type":""},{"name":"javax/persistence/JoinTable","filepath":"","size":1,"imports":[],"type":""},{"name":"javax/persistence/ManyToMany","filepath":"","size":1,"imports":[],"type":""},{"name":"com/itkweb/hday/model/database/example/manyToMany/Author","filepath":"test/fixtures/plotsManager/src/main/java/com/itkweb/hday/model/database/example/manyToMany/Author.java","size":1388,"imports":["java/util/Set","javax/persistence/CascadeType","javax/persistence/Column","javax/persistence/Entity","javax/persistence/GeneratedValue","javax/persistence/Id","javax/persistence/JoinColumn","javax/persistence/JoinTable","javax/persistence/ManyToMany","javax/persistence/Table"],"type":"java","src":"src/test/fixtures/plotsManager/src/main/java/com/itkweb/hday/model/database/example/manyToMany/Author.java"},{"name":"com/itkweb/hday/model/database/example/oneToMany/Child","filepath":"test/fixtures/plotsManager/src/main/java/com/itkweb/hday/model/database/example/oneToMany/Child.java","size":1030,"imports":["javax/persistence/Column","javax/persistence/Entity","javax/persistence/GeneratedValue","javax/persistence/Id","javax/persistence/JoinColumn","javax/persistence/ManyToOne","javax/persistence/Table"],"type":"java","src":"src/test/fixtures/plotsManager/src/main/java/com/itkweb/hday/model/database/example/oneToMany/Child.java"},{"name":"javax/persistence/OneToOne","filepath":"","size":1,"imports":[],"type":""},{"name":"javax/persistence/PrimaryKeyJoinColumn","filepath":"","size":1,"imports":[],"type":""},{"name":"org/hibernate/annotations/GenericGenerator","filepath":"","size":1,"imports":[],"type":""},{"name":"org/hibernate/annotations/Parameter","filepath":"","size":1,"imports":[],"type":""},{"name":"com/itkweb/hday/model/database/example/oneToOne/Cpam","filepath":"test/fixtures/plotsManager/src/main/java/com/itkweb/hday/model/database/example/oneToOne/Cpam.java","size":1232,"imports":["javax/persistence/Column","javax/persistence/Entity","javax/persistence/FetchType","javax/persistence/GeneratedValue","javax/persistence/Id","javax/persistence/OneToOne","javax/persistence/PrimaryKeyJoinColumn","javax/persistence/Table","org/hibernate/annotations/GenericGenerator","org/hibernate/annotations/Parameter"],"type":"java","src":"src/test/fixtures/plotsManager/src/main/java/com/itkweb/hday/model/database/example/oneToOne/Cpam.java"},{"name":"com/itkweb/hday/service","filepath":"test/fixtures/plotsManager/src/main/java/com/itkweb/hday/service/UserService.java","size":825,"imports":["com/itkweb/hday/model/database/User"],"type":"java","src":"src/test/fixtures/plotsManager/src/main/java/com/itkweb/hday/service/UserService.java"},{"name":"com/itkweb/hday/service/impl/UserServiceImpl","filepath":"test/fixtures/plotsManager/src/main/java/com/itkweb/hday/service/impl/UserServiceImpl.java","size":983,"imports":["org/springframework/beans/factory/annotation/Autowired","org/springframework/stereotype/Service","com/itkweb/hday/dao/PlotDAO","com/itkweb/hday/dao/UserDAO","com/itkweb/hday/model/database/User","com/itkweb/hday/service/UserService"],"type":"service","src":"src/test/fixtures/plotsManager/src/main/java/com/itkweb/hday/service/impl/UserServiceImpl.java"}],"advices":[]}