{"nodes":[{"name":"angular/$scope","filepath":"","size":1,"imports":[],"type":"angular"},{"name":"factory/DataCache","filepath":"test/fixtures/skimbo/services/DataCache.js","size":3241,"imports":["angular/$rootScope","factory/ImagesUtils","factory/ArrayUtils"],"type":"factory"},{"name":"factory/Network","filepath":"test/fixtures/skimbo/services/Network.js","size":4769,"imports":["angular/$http","angular/$timeout","factory/ServerCommunication","angular/$location","angular/$window"],"type":"factory"},{"name":"factory/ImagesUtils","filepath":"test/fixtures/skimbo/services/ImagesUtils.js","size":646,"imports":[],"type":"factory"},{"name":"factory/ArrayUtils","filepath":"test/fixtures/skimbo/services/ArrayUtils.js","size":3695,"imports":["factory/Visibility","angular/$rootScope"],"type":"factory"},{"name":"angular/$rootScope","filepath":"","size":1,"imports":[],"type":"angular"},{"name":"controller/AccountController","filepath":"test/fixtures/skimbo/controllers/AccountController.js","size":2809,"imports":["angular/$scope","factory/DataCache","factory/Network","factory/ImagesUtils","factory/ArrayUtils","angular/$rootScope"],"type":"controller"},{"name":"factory/Visibility","filepath":"test/fixtures/skimbo/services/Visibility.js","size":523,"imports":[],"type":"factory"},{"name":"factory/ColumnSize","filepath":"test/fixtures/skimbo/services/ColumnSize.js","size":2715,"imports":["angular/$window"],"type":"factory"},{"name":"angular/$window","filepath":"","size":1,"imports":[],"type":"angular"},{"name":"angular/$timeout","filepath":"","size":1,"imports":[],"type":"angular"},{"name":"controller/ColumnController","filepath":"test/fixtures/skimbo/controllers/ColumnController.js","size":7401,"imports":["angular/$scope","factory/Network","angular/$rootScope","factory/Visibility","factory/DataCache","factory/ArrayUtils","factory/ColumnSize","angular/$window","angular/$timeout"],"type":"controller"},{"name":"controller/GlassController","filepath":"test/fixtures/skimbo/controllers/GlassController.js","size":1022,"imports":["angular/$scope","angular/$rootScope"],"type":"controller"},{"name":"controller/HeaderController","filepath":"test/fixtures/skimbo/controllers/HeaderController.js","size":1474,"imports":["angular/$scope","angular/$rootScope","factory/DataCache"],"type":"controller"},{"name":"controller/MainController","filepath":"test/fixtures/skimbo/controllers/MainController.js","size":316,"imports":["angular/$scope","angular/$rootScope","factory/Network"],"type":"controller"},{"name":"controller/MediasController","filepath":"test/fixtures/skimbo/controllers/MediasController.js","size":1306,"imports":["angular/$scope","angular/$rootScope","factory/ImagesUtils","angular/$timeout"],"type":"controller"},{"name":"factory/UnifiedRequestUtils","filepath":"test/fixtures/skimbo/services/UnifiedRequestUtils.js","size":2710,"imports":[],"type":"factory"},{"name":"factory/PopupProvider","filepath":"test/fixtures/skimbo/services/PopupProvider.js","size":1570,"imports":["factory/Network","angular/$rootScope"],"type":"factory"},{"name":"angular/$http","filepath":"","size":1,"imports":[],"type":"angular"},{"name":"controller/ModifColumnController","filepath":"test/fixtures/skimbo/controllers/ModifColumnController.js","size":10337,"imports":["angular/$scope","factory/Network","angular/$rootScope","factory/UnifiedRequestUtils","factory/Visibility","factory/PopupProvider","factory/ArrayUtils","angular/$http","factory/DataCache"],"type":"controller"},{"name":"angular/$filter","filepath":"","size":1,"imports":[],"type":"angular"},{"name":"controller/NotificationController","filepath":"test/fixtures/skimbo/controllers/NotificationController.js","size":3761,"imports":["angular/$scope","angular/$rootScope","factory/ArrayUtils","factory/PopupProvider","angular/$filter","factory/DataCache"],"type":"controller"},{"name":"controller/PostMessageController","filepath":"test/fixtures/skimbo/controllers/PostController.js","size":4913,"imports":["angular/$scope","factory/Network","angular/$rootScope","factory/PopupProvider"],"type":"controller"},{"name":"directive/datePicker","filepath":"test/fixtures/skimbo/directives/DatePicker.js","size":3914,"imports":[],"type":"directive"},{"name":"directive/drag","filepath":"test/fixtures/skimbo/directives/Drag.js","size":5118,"imports":["angular/$rootScope","angular/$timeout"],"type":"directive"},{"name":"directive/focus","filepath":"test/fixtures/skimbo/directives/Focus.js","size":172,"imports":[],"type":"directive"},{"name":"directive/goOnClick","filepath":"test/fixtures/skimbo/directives/GoOnClick.js","size":564,"imports":["angular/$rootScope"],"type":"directive"},{"name":"directive/movableEtc","filepath":"test/fixtures/skimbo/directives/MovableEtc.js","size":1236,"imports":["angular/$timeout","angular/$filter"],"type":"directive"},{"name":"directive/onKeyPress","filepath":"test/fixtures/skimbo/directives/OnKeyPress.js","size":2364,"imports":["factory/ArrayUtils","angular/$timeout"],"type":"directive"},{"name":"directive/oracle","filepath":"test/fixtures/skimbo/directives/Oracle.js","size":2237,"imports":["factory/Network","angular/$rootScope","angular/$timeout"],"type":"directive"},{"name":"directive/scrollmanager","filepath":"test/fixtures/skimbo/directives/ScrollManager.js","size":4406,"imports":["angular/$timeout","angular/$rootScope","factory/Visibility","factory/ArrayUtils","factory/Network"],"type":"directive"},{"name":"directive/showonhoverparent","filepath":"test/fixtures/skimbo/directives/ShowOnHoverParent.js","size":431,"imports":[],"type":"directive"},{"name":"directive/timePicker","filepath":"test/fixtures/skimbo/directives/TimePicker.js","size":3293,"imports":[],"type":"directive"},{"name":"directive/toggleClick","filepath":"test/fixtures/skimbo/directives/ToggleClick.js","size":772,"imports":[],"type":"directive"},{"name":"filter/maxRange","filepath":"test/fixtures/skimbo/filters/maxRange.js","size":301,"imports":[],"type":"filter"},{"name":"filter/i18n","filepath":"test/fixtures/skimbo/filters/translation.js","size":5924,"imports":["angular/$rootScope"],"type":"filter"},{"name":"factory/ServerCommunication","filepath":"test/fixtures/skimbo/services/ServerCommunication.js","size":6266,"imports":["angular/$http","angular/$rootScope","factory/UnifiedRequestUtils","factory/ImagesUtils","factory/StringUtils","factory/ArrayUtils"],"type":"factory"},{"name":"angular/$location","filepath":"","size":1,"imports":[],"type":"angular"},{"name":"factory/StringUtils","filepath":"test/fixtures/skimbo/services/StringUtils.js","size":626,"imports":[],"type":"factory"}],"advices":[{"node":{"name":"controller/PostMessageController","filepath":"test/fixtures/skimbo/controllers/PostController.js","size":4913,"imports":["angular/$scope","factory/Network","angular/$rootScope","factory/PopupProvider"],"type":"controller"},"name":"PostMessageController have not same name as filename PostController !","gravityLevel":2,"gravity":"hot"},{"node":{"name":"filter/i18n","filepath":"test/fixtures/skimbo/filters/translation.js","size":5924,"imports":["angular/$rootScope"],"type":"filter"},"name":"i18n have not same name as filename translation !","gravityLevel":2,"gravity":"hot"},{"node":{"name":"angular/$rootScope","filepath":"","size":1,"imports":[],"type":"angular"},"name":"Are you sur you want to use $rootScope ?","gravityLevel":2,"gravity":"hot"},{"name":"Your controllers are too important compared to services !","gravityLevel":2,"gravity":"hot"},{"node":{"name":"controller/MediasController","filepath":"test/fixtures/skimbo/controllers/MediasController.js","size":1306,"imports":["angular/$scope","angular/$rootScope","factory/ImagesUtils","angular/$timeout"],"type":"controller"},"name":"A controller must import $scope and its service !","gravityLevel":1,"gravity":"significant"},{"node":{"name":"controller/ModifColumnController","filepath":"test/fixtures/skimbo/controllers/ModifColumnController.js","size":10337,"imports":["angular/$scope","factory/Network","angular/$rootScope","factory/UnifiedRequestUtils","factory/Visibility","factory/PopupProvider","factory/ArrayUtils","angular/$http","factory/DataCache"],"type":"controller"},"name":"A controller must import $scope and its service !","gravityLevel":1,"gravity":"significant"},{"node":{"name":"controller/NotificationController","filepath":"test/fixtures/skimbo/controllers/NotificationController.js","size":3761,"imports":["angular/$scope","angular/$rootScope","factory/ArrayUtils","factory/PopupProvider","angular/$filter","factory/DataCache"],"type":"controller"},"name":"A controller must import $scope and its service !","gravityLevel":1,"gravity":"significant"},{"node":{"name":"controller/PostMessageController","filepath":"test/fixtures/skimbo/controllers/PostController.js","size":4913,"imports":["angular/$scope","factory/Network","angular/$rootScope","factory/PopupProvider"],"type":"controller"},"name":"A controller must import $scope and its service !","gravityLevel":1,"gravity":"significant"},{"node":{"name":"controller/ColumnController","filepath":"test/fixtures/skimbo/controllers/ColumnController.js","size":7401,"imports":["angular/$scope","factory/Network","angular/$rootScope","factory/Visibility","factory/DataCache","factory/ArrayUtils","factory/ColumnSize","angular/$window","angular/$timeout"],"type":"controller"},"name":"A controller must import $scope and its service !","gravityLevel":1,"gravity":"significant"},{"node":{"name":"controller/AccountController","filepath":"test/fixtures/skimbo/controllers/AccountController.js","size":2809,"imports":["angular/$scope","factory/DataCache","factory/Network","factory/ImagesUtils","factory/ArrayUtils","angular/$rootScope"],"type":"controller"},"name":"A controller must import $scope and its service !","gravityLevel":1,"gravity":"significant"},{"node":{"name":"controller/HeaderController","filepath":"test/fixtures/skimbo/controllers/HeaderController.js","size":1474,"imports":["angular/$scope","angular/$rootScope","factory/DataCache"],"type":"controller"},"name":"A controller must import $scope and its service !","gravityLevel":1,"gravity":"significant"},{"node":{"name":"controller/MainController","filepath":"test/fixtures/skimbo/controllers/MainController.js","size":316,"imports":["angular/$scope","angular/$rootScope","factory/Network"],"type":"controller"},"name":"A controller must import $scope and its service !","gravityLevel":1,"gravity":"significant"},{"node":{"name":"controller/AccountController","filepath":"test/fixtures/skimbo/controllers/AccountController.js","size":2809,"imports":["angular/$scope","factory/DataCache","factory/Network","factory/ImagesUtils","factory/ArrayUtils","angular/$rootScope"],"type":"controller"},"name":"AccountController has 6 dependencies, it must have 5 at most.","gravityLevel":1,"gravity":"significant"},{"node":{"name":"controller/ColumnController","filepath":"test/fixtures/skimbo/controllers/ColumnController.js","size":7401,"imports":["angular/$scope","factory/Network","angular/$rootScope","factory/Visibility","factory/DataCache","factory/ArrayUtils","factory/ColumnSize","angular/$window","angular/$timeout"],"type":"controller"},"name":"ColumnController has 9 dependencies, it must have 5 at most.","gravityLevel":1,"gravity":"significant"},{"node":{"name":"controller/ModifColumnController","filepath":"test/fixtures/skimbo/controllers/ModifColumnController.js","size":10337,"imports":["angular/$scope","factory/Network","angular/$rootScope","factory/UnifiedRequestUtils","factory/Visibility","factory/PopupProvider","factory/ArrayUtils","angular/$http","factory/DataCache"],"type":"controller"},"name":"ModifColumnController has 9 dependencies, it must have 5 at most.","gravityLevel":1,"gravity":"significant"},{"node":{"name":"controller/NotificationController","filepath":"test/fixtures/skimbo/controllers/NotificationController.js","size":3761,"imports":["angular/$scope","angular/$rootScope","factory/ArrayUtils","factory/PopupProvider","angular/$filter","factory/DataCache"],"type":"controller"},"name":"NotificationController has 6 dependencies, it must have 5 at most.","gravityLevel":1,"gravity":"significant"},{"node":{"name":"factory/ServerCommunication","filepath":"test/fixtures/skimbo/services/ServerCommunication.js","size":6266,"imports":["angular/$http","angular/$rootScope","factory/UnifiedRequestUtils","factory/ImagesUtils","factory/StringUtils","factory/ArrayUtils"],"type":"factory"},"name":"ServerCommunication has 6 dependencies, it must have 5 at most.","gravityLevel":1,"gravity":"significant"}]}