[{"name":"goo/entities/components/Component","size":1,"imports":[],"type":""},{"name":"goo/shapes/ShapeCreator","size":1,"imports":[],"type":""},{"name":"goo/entities/EntityUtils","size":1,"imports":[],"type":""},{"name":"material/ColoredMaterial","size":2,"imports":["goo/renderer/Material","goo/renderer/shaders/ShaderLib"],"type":"define"},{"name":"script/RunEntityScript","size":2,"imports":["goo/math/Vector3","manager/EntityManager","helper/MathHelper"],"type":"define"},{"name":"helper/InputHelper","size":2,"imports":["helper/UrlHelper","material/ColoredMaterial"],"type":"define"},{"name":"manager/PlayerManager","size":2,"imports":[],"type":"define"},{"name":"component/BulletComponent","size":1,"imports":["goo/entities/components/Component","goo/shapes/ShapeCreator","goo/entities/EntityUtils","material/ColoredMaterial","script/RunEntityScript","helper/InputHelper","manager/PlayerManager"],"type":"define"},{"name":"goo/renderer/Camera","size":1,"imports":[],"type":""},{"name":"goo/scripts/OrbitCamControlScript","size":1,"imports":[],"type":""},{"name":"script/MobileXYZControlScript","size":2,"imports":["helper/TouchButton","helper/DebuggerHelper","script/AbstractXYZControlScript"],"type":"define"},{"name":"script/KeyboardXYZControlScript","size":2,"imports":["helper/KeyboardHelper","helper/DebuggerHelper","script/AbstractXYZControlScript","helper/DomHelper","helper/LangHelper"],"type":"define"},{"name":"helper/MobileHelper","size":2,"imports":[],"type":"define"},{"name":"helper/EntityHelper","size":2,"imports":[],"type":"define"},{"name":"manager/EntityManager","size":2,"imports":["component/StarComponent","helper/EntityHelper"],"type":"define"},{"name":"component/CameraComponent","size":1,"imports":["goo/entities/components/Component","goo/renderer/Camera","goo/scripts/OrbitCamControlScript","goo/shapes/ShapeCreator","goo/entities/EntityUtils","script/MobileXYZControlScript","script/KeyboardXYZControlScript","helper/MobileHelper","helper/EntityHelper","helper/InputHelper","manager/PlayerManager","manager/EntityManager"],"type":"define"},{"name":"goo/math/Vector3","size":1,"imports":[],"type":""},{"name":"goo/shapes/Disk","size":1,"imports":[],"type":""},{"name":"util/OptionsUtil","size":2,"imports":["helper/MobileHelper"],"type":"define"},{"name":"component/FinalZoneComponent","size":1,"imports":["goo/entities/components/Component","goo/math/Vector3","goo/shapes/ShapeCreator","goo/entities/EntityUtils","goo/shapes/Disk","material/ColoredMaterial","helper/InputHelper","util/OptionsUtil"],"type":"define"},{"name":"helper/DomHelper","size":2,"imports":["helper/TouchButton"],"type":"define"},{"name":"component/FinishZoneComponent","size":1,"imports":["goo/entities/components/Component","goo/shapes/ShapeCreator","goo/entities/EntityUtils","material/ColoredMaterial","helper/InputHelper","helper/DomHelper","util/OptionsUtil"],"type":"define"},{"name":"component/FuelZoneComponent","size":1,"imports":["goo/entities/components/Component","goo/shapes/ShapeCreator","goo/entities/EntityUtils","material/ColoredMaterial","helper/InputHelper","helper/DomHelper","util/OptionsUtil"],"type":"define"},{"name":"helper/MathHelper","size":2,"imports":["goo/math/Matrix3x3"],"type":"define"},{"name":"component/SkydomComponent","size":1,"imports":["goo/entities/components/Component","goo/shapes/ShapeCreator","goo/entities/EntityUtils","material/ColoredMaterial","util/OptionsUtil","helper/MathHelper"],"type":"define"},{"name":"component/StarComponent","size":1,"imports":["goo/entities/components/Component","goo/shapes/ShapeCreator","goo/entities/EntityUtils","material/ColoredMaterial","helper/InputHelper","util/OptionsUtil","manager/PlayerManager"],"type":"define"},{"name":"goo/shapes/Box","size":1,"imports":[],"type":""},{"name":"component/StarshipComponent","size":1,"imports":["goo/entities/components/Component","goo/shapes/Box","goo/entities/EntityUtils","material/ColoredMaterial","script/RunEntityScript","helper/InputHelper"],"type":"define"},{"name":"goo/renderer/light/PointLight","size":1,"imports":[],"type":""},{"name":"component/SunComponent","size":1,"imports":["goo/entities/components/Component","goo/renderer/light/PointLight","goo/entities/EntityUtils","helper/InputHelper"],"type":"define"},{"name":"helper/UrlHelper","size":2,"imports":[],"type":"define"},{"name":"helper/DebuggerHelper","size":1,"imports":["helper/UrlHelper"],"type":"define"},{"name":"helper/TouchButton","size":2,"imports":[],"type":"define"},{"name":"helper/KeyboardHelper","size":1,"imports":[],"type":"define"},{"name":"helper/LangHelper","size":1,"imports":[],"type":"define"},{"name":"goo/math/Matrix3x3","size":1,"imports":[],"type":""},{"name":"util/AudioUtil","size":2,"imports":["util/CompatibilityUtil"],"type":"define"},{"name":"helper/ShootHelper","size":1,"imports":["component/BulletComponent","manager/PlayerManager","helper/MobileHelper","helper/KeyboardHelper","helper/TouchButton","helper/EntityHelper","helper/DomHelper","util/AudioUtil"],"type":"define"},{"name":"manager/LifeManager","size":1,"imports":["manager/PlayerManager","helper/DomHelper"],"type":"define"},{"name":"goo/renderer/Material","size":1,"imports":[],"type":""},{"name":"goo/renderer/shaders/ShaderLib","size":1,"imports":[],"type":""},{"name":"page/BonusPage","size":1,"imports":["helper/DomHelper","helper/LangHelper","manager/PlayerManager"],"type":"define"},{"name":"util/MapUtil","size":2,"imports":[],"type":"define"},{"name":"page/ChooseNextMapPage","size":1,"imports":["helper/DomHelper","helper/LangHelper","util/MapUtil"],"type":"define"},{"name":"util/CompatibilityUtil","size":2,"imports":[],"type":"define"},{"name":"page/CompatibilityPage","size":1,"imports":["helper/DomHelper","helper/LangHelper","util/CompatibilityUtil"],"type":"define"},{"name":"goo/entities/GooRunner","size":1,"imports":[],"type":""},{"name":"page/PausePage","size":2,"imports":["helper/DomHelper","helper/LangHelper","page/GamePage","page/HelpPage","page/OptionsPage","page/CompatibilityPage","util/CompatibilityUtil"],"type":"define"},{"name":"util/RadarUtil","size":2,"imports":["helper/DomHelper","helper/EntityHelper","manager/EntityManager"],"type":"define"},{"name":"util/ScreenUtil","size":2,"imports":[],"type":"define"},{"name":"util/TimeUtil","size":2,"imports":["helper/DomHelper","helper/EntityHelper","manager/EntityManager"],"type":"define"},{"name":"page/GamePage","size":1,"imports":["goo/entities/GooRunner","component/CameraComponent","component/SunComponent","component/FinalZoneComponent","component/FuelZoneComponent","component/StarshipComponent","component/FinishZoneComponent","component/SkydomComponent","helper/DomHelper","helper/ShootHelper","helper/EntityHelper","page/PausePage","manager/EntityManager","manager/PlayerManager","manager/LifeManager","util/MapUtil","util/RadarUtil","util/OptionsUtil","util/ScreenUtil","util/TimeUtil","util/AudioUtil","page/BonusPage","page/ChooseNextMapPage"],"type":"define"},{"name":"page/HelpPage","size":1,"imports":["helper/DomHelper","helper/LangHelper","helper/MobileHelper"],"type":"define"},{"name":"page/OptionsPage","size":2,"imports":["helper/DomHelper","helper/LangHelper","util/OptionsUtil"],"type":"define"},{"name":"page/HomePage","size":1,"imports":["helper/DomHelper","helper/LangHelper","page/GamePage","page/HelpPage","page/OptionsPage","page/CompatibilityPage","util/CompatibilityUtil","util/ScreenUtil","util/AudioUtil"],"type":"define"},{"name":"script/AbstractXYZControlScript","size":1,"imports":["goo/math/Vector3","helper/MathHelper","manager/PlayerManager"],"type":"define"}]