{"nodes":[{"name":"angular/$compile","filepath":"","size":1,"imports":[],"type":"angular"},{"name":"angular/$timeout","filepath":"","size":1,"imports":[],"type":"angular"},{"name":"value/taOptions","filepath":"test/fixtures/textAngular.js","size":53596,"imports":[],"type":"value","src":"src/test/fixtures/textAngular.js"},{"name":"internal/taSanitize","filepath":"","size":1,"imports":[],"type":"internal"},{"name":"service/textAngularManager","filepath":"test/fixtures/textAngular.js","size":53596,"imports":["service/taToolExecuteAction"],"type":"service","src":"src/test/fixtures/textAngular.js"},{"name":"angular/$window","filepath":"","size":1,"imports":[],"type":"angular"},{"name":"angular/$animate","filepath":"","size":1,"imports":[],"type":"angular"},{"name":"angular/$log","filepath":"","size":1,"imports":[],"type":"angular"},{"name":"directive/textAngular","filepath":"test/fixtures/textAngular.js","size":53596,"imports":["angular/$compile","angular/$timeout","value/taOptions","internal/taSanitize","service/textAngularManager","angular/$window","angular/$animate","angular/$log"],"type":"directive","src":"src/test/fixtures/textAngular.js"},{"name":"factory/taFixChrome","filepath":"test/fixtures/textAngular.js","size":53596,"imports":[],"type":"factory","src":"src/test/fixtures/textAngular.js"},{"name":"value/taSelectableElements","filepath":"test/fixtures/textAngular.js","size":53596,"imports":[],"type":"value","src":"src/test/fixtures/textAngular.js"},{"name":"directive/taBind","filepath":"test/fixtures/textAngular.js","size":53596,"imports":["internal/taSanitize","angular/$timeout","factory/taFixChrome","value/taSelectableElements"],"type":"directive","src":"src/test/fixtures/textAngular.js"},{"name":"directive/taMaxText","filepath":"test/fixtures/textAngular.js","size":53596,"imports":[],"type":"directive","src":"src/test/fixtures/textAngular.js"},{"name":"value/taTools","filepath":"test/fixtures/textAngular.js","size":53596,"imports":[],"type":"value","src":"src/test/fixtures/textAngular.js"},{"name":"service/taToolExecuteAction","filepath":"test/fixtures/textAngular.js","size":53596,"imports":["angular/$q"],"type":"service","src":"src/test/fixtures/textAngular.js"},{"name":"directive/textAngularToolbar","filepath":"test/fixtures/textAngular.js","size":53596,"imports":["angular/$compile","service/textAngularManager","value/taOptions","value/taTools","service/taToolExecuteAction","angular/$window"],"type":"directive","src":"src/test/fixtures/textAngular.js"},{"name":"angular/$q","filepath":"","size":1,"imports":[],"type":"angular"},{"name":"constant/taTranslations","filepath":"test/fixtures/textAngular.js","size":53596,"imports":[],"type":"constant","src":"src/test/fixtures/textAngular.js"},{"name":"constant/taRegisterTool","filepath":"test/fixtures/textAngular.js","size":53596,"imports":[],"type":"constant","src":"src/test/fixtures/textAngular.js"}],"advices":[{"node":{"name":"directive/taMaxText","filepath":"test/fixtures/textAngular.js","size":53596,"imports":[],"type":"directive","src":"src/test/fixtures/textAngular.js"},"name":"directive/taMaxText is never used !","gravityLevel":2,"gravity":"hot"},{"node":{"name":"constant/taTranslations","filepath":"test/fixtures/textAngular.js","size":53596,"imports":[],"type":"constant","src":"src/test/fixtures/textAngular.js"},"name":"constant/taTranslations is never used !","gravityLevel":2,"gravity":"hot"},{"node":{"name":"constant/taRegisterTool","filepath":"test/fixtures/textAngular.js","size":53596,"imports":[],"type":"constant","src":"src/test/fixtures/textAngular.js"},"name":"constant/taRegisterTool is never used !","gravityLevel":2,"gravity":"hot"},{"node":{"name":"directive/textAngular","filepath":"test/fixtures/textAngular.js","size":53596,"imports":["angular/$compile","angular/$timeout","value/taOptions","internal/taSanitize","service/textAngularManager","angular/$window","angular/$animate","angular/$log"],"type":"directive","src":"src/test/fixtures/textAngular.js"},"name":"textAngular has 8 dependencies, it must have 5 at most.","gravityLevel":1,"gravity":"significant"},{"node":{"name":"directive/textAngularToolbar","filepath":"test/fixtures/textAngular.js","size":53596,"imports":["angular/$compile","service/textAngularManager","value/taOptions","value/taTools","service/taToolExecuteAction","angular/$window"],"type":"directive","src":"src/test/fixtures/textAngular.js"},"name":"textAngularToolbar has 6 dependencies, it must have 5 at most.","gravityLevel":1,"gravity":"significant"}]}