{"nodes":[{"name":"express","filepath":"test/fixtures/timeChecking/nodeServer/app.js","size":615,"imports":[],"type":"require"},{"name":"url","filepath":"test/fixtures/timeChecking/nodeServer/controller/restController.js","size":4056,"imports":[],"type":"require"},{"name":"util","filepath":"test/fixtures/timeChecking/nodeServer/service/userService.js","size":1720,"imports":[],"type":"require"},{"name":"mongoose","filepath":"test/fixtures/timeChecking/nodeServer/model/User.js","size":187,"imports":[],"type":"require"},{"name":"../service/taskService","filepath":"test/fixtures/timeChecking/nodeServer/service/reportService.js","size":589,"imports":[],"type":"require"}],"advices":[{"node":{"name":"express","filepath":"test/fixtures/timeChecking/nodeServer/app.js","size":615,"imports":[],"type":"require"},"name":"express have not same name as filename app !","gravityLevel":2,"gravity":"hot"},{"node":{"name":"url","filepath":"test/fixtures/timeChecking/nodeServer/controller/restController.js","size":4056,"imports":[],"type":"require"},"name":"url have not same name as filename restController !","gravityLevel":2,"gravity":"hot"},{"node":{"name":"util","filepath":"test/fixtures/timeChecking/nodeServer/service/userService.js","size":1720,"imports":[],"type":"require"},"name":"util have not same name as filename userService !","gravityLevel":2,"gravity":"hot"},{"node":{"name":"mongoose","filepath":"test/fixtures/timeChecking/nodeServer/model/User.js","size":187,"imports":[],"type":"require"},"name":"mongoose have not same name as filename User !","gravityLevel":2,"gravity":"hot"},{"node":{"name":"../service/taskService","filepath":"test/fixtures/timeChecking/nodeServer/service/reportService.js","size":589,"imports":[],"type":"require"},"name":"taskService have not same name as filename reportService !","gravityLevel":2,"gravity":"hot"},{"node":{"name":"express","filepath":"test/fixtures/timeChecking/nodeServer/app.js","size":615,"imports":[],"type":"require"},"name":"express is never used !","gravityLevel":2,"gravity":"hot"},{"node":{"name":"url","filepath":"test/fixtures/timeChecking/nodeServer/controller/restController.js","size":4056,"imports":[],"type":"require"},"name":"url is never used !","gravityLevel":2,"gravity":"hot"},{"node":{"name":"util","filepath":"test/fixtures/timeChecking/nodeServer/service/userService.js","size":1720,"imports":[],"type":"require"},"name":"util is never used !","gravityLevel":2,"gravity":"hot"},{"node":{"name":"mongoose","filepath":"test/fixtures/timeChecking/nodeServer/model/User.js","size":187,"imports":[],"type":"require"},"name":"mongoose is never used !","gravityLevel":2,"gravity":"hot"},{"node":{"name":"../service/taskService","filepath":"test/fixtures/timeChecking/nodeServer/service/reportService.js","size":589,"imports":[],"type":"require"},"name":"../service/taskService is never used !","gravityLevel":2,"gravity":"hot"}]}